---
source: src/hex.rs
expression: "format!(\"{:?}\", res)"
---
Ok([
    0x49,
    0x27,
    0x6d,
])
