---
source: src/xor.rs
expression: "std::str::from_utf8(&res).unwrap()"
---
the kid don't play
