---
source: src/hex.rs
expression: "Hex::from_str(source).unwrap().into_b64_string()"
---
SSdtIGtpbGxpbmcgeW91ciBicmFpbiBsaWtlIGEgcG9pc29ub3VzIG11c2hyb29t
