---
source: src/hex.rs
expression: "Hex::from_b64_encoded_string(source).unwrap()"
---
[12, 12, 1d, 2d, 8, 6, 2d, 29, 1b, 6, 31, 29, 1b, 26, 1c, 20, 1e, 16, 3d, 35, 1c, 22, 1, 22, 1c, 26, 5, 29, 1b, 22, 1, 2c, 1a, 16, 2d, 25, 8, 6, 4, 20, 1c, 6, 3d, 29, 1c, 36, 3d, 2e, 1b, 37, 15, 33, 8, 6, 35, 35, 1c, 36, 21, 32, 1b, 36, 3d, 2d]
