---
source: src/hex.rs
expression: "String::from_utf8(res.to_vec()).unwrap()"
---
waka waka

