---
source: src/lib.rs
expression: hex_str.into_b64_string()
---
SSdtIGtpbGxpbmcgeW91ciBicmFpbiBsaWtlIGEgcG9pc29ub3VzIG11c2hyb29t
